#! /c/Source/iverilog-install/bin/vvp
:ivl_version "12.0 (devel)" "(s20150603-1110-g18392a46)";
:ivl_delay_selection "TYPICAL";
:vpi_time_precision - 12;
:vpi_module "C:\iverilog\lib\ivl\system.vpi";
:vpi_module "C:\iverilog\lib\ivl\vhdl_sys.vpi";
:vpi_module "C:\iverilog\lib\ivl\vhdl_textio.vpi";
:vpi_module "C:\iverilog\lib\ivl\v2005_math.vpi";
:vpi_module "C:\iverilog\lib\ivl\va_math.vpi";
S_000002c864713f80 .scope module, "tb_lab8_p2" "tb_lab8_p2" 2 5;
 .timescale -9 -12;
v000002c864784990_0 .var "clk", 0 0;
v000002c864783f90_0 .net "next_state1", 2 0, v000002c8645f74c0_0;  1 drivers
v000002c8647840d0_0 .net "next_state2", 2 0, v000002c86471dce0_0;  1 drivers
v000002c864784530_0 .var "rst_n", 0 0;
v000002c864784670_0 .net "state1", 2 0, v000002c8645fbef0_0;  1 drivers
v000002c864783ef0_0 .net "state2", 2 0, v000002c864784030_0;  1 drivers
v000002c864784cb0_0 .var "x_in", 4 0;
v000002c864784710_0 .net "y_out1", 0 0, v000002c86471da10_0;  1 drivers
v000002c8647845d0_0 .net "y_out2", 0 0, v000002c864784ad0_0;  1 drivers
S_000002c864714320 .scope module, "u1" "lab8_p2" 2 15, 3 3 0, S_000002c864713f80;
 .timescale -9 -12;
    .port_info 0 /INPUT 5 "x_in";
    .port_info 1 /INPUT 1 "clk";
    .port_info 2 /INPUT 1 "rst_n";
    .port_info 3 /OUTPUT 1 "y_out";
    .port_info 4 /OUTPUT 3 "state";
    .port_info 5 /OUTPUT 3 "next_state";
P_000002c8645f9750 .param/l "S0" 0 3 9, C4<000>;
P_000002c8645f9788 .param/l "S1" 0 3 9, C4<001>;
P_000002c8645f97c0 .param/l "S2" 0 3 9, C4<010>;
P_000002c8645f97f8 .param/l "S3" 0 3 9, C4<011>;
P_000002c8645f9830 .param/l "S4" 0 3 9, C4<100>;
v000002c8645f76e0_0 .net "clk", 0 0, v000002c864784990_0;  1 drivers
v000002c8645f74c0_0 .var "next_state", 2 0;
v000002c864728d70_0 .var "ones_count", 2 0;
v000002c8647144b0_0 .net "rst_n", 0 0, v000002c864784530_0;  1 drivers
v000002c8645fbef0_0 .var "state", 2 0;
v000002c86471d970_0 .net "x_in", 4 0, v000002c864784cb0_0;  1 drivers
v000002c86471da10_0 .var "y_out", 0 0;
E_000002c864710f70 .event anyedge, v000002c86471d970_0, v000002c8645fbef0_0;
E_000002c8647106f0/0 .event negedge, v000002c8647144b0_0;
E_000002c8647106f0/1 .event posedge, v000002c8645f76e0_0;
E_000002c8647106f0 .event/or E_000002c8647106f0/0, E_000002c8647106f0/1;
E_000002c86470ffb0 .event anyedge, v000002c86471d970_0;
S_000002c86471dab0 .scope module, "u2" "lab8_p2_3" 2 24, 4 23 0, S_000002c864713f80;
 .timescale -9 -12;
    .port_info 0 /INPUT 5 "x_in";
    .port_info 1 /INPUT 1 "clk";
    .port_info 2 /INPUT 1 "rst_n";
    .port_info 3 /OUTPUT 1 "y_out";
    .port_info 4 /OUTPUT 3 "state";
    .port_info 5 /OUTPUT 3 "next_state";
P_000002c8645f9090 .param/l "S0" 0 4 31, C4<000>;
P_000002c8645f90c8 .param/l "S1" 0 4 32, C4<001>;
P_000002c8645f9100 .param/l "S2" 0 4 33, C4<010>;
P_000002c8645f9138 .param/l "S3" 0 4 34, C4<011>;
P_000002c8645f9170 .param/l "S4" 0 4 35, C4<100>;
v000002c86471dc40_0 .net "clk", 0 0, v000002c864784990_0;  alias, 1 drivers
v000002c86471dce0_0 .var "next_state", 2 0;
v000002c864784a30_0 .var "ones_count", 2 0;
v000002c864784170_0 .net "rst_n", 0 0, v000002c864784530_0;  alias, 1 drivers
v000002c864784030_0 .var "state", 2 0;
v000002c864784b70_0 .net "x_in", 4 0, v000002c864784cb0_0;  alias, 1 drivers
v000002c864784ad0_0 .var "y_out", 0 0;
E_000002c8647117b0 .event anyedge, v000002c864784030_0;
E_000002c8647112f0 .event anyedge, v000002c864784030_0, v000002c864784a30_0;
    .scope S_000002c864714320;
T_0 ;
    %wait E_000002c86470ffb0;
    %load/vec4 v000002c86471d970_0;
    %parti/s 1, 0, 2;
    %pad/u 3;
    %load/vec4 v000002c86471d970_0;
    %parti/s 1, 1, 2;
    %pad/u 3;
    %add;
    %load/vec4 v000002c86471d970_0;
    %parti/s 1, 2, 3;
    %pad/u 3;
    %add;
    %load/vec4 v000002c86471d970_0;
    %parti/s 1, 3, 3;
    %pad/u 3;
    %add;
    %load/vec4 v000002c86471d970_0;
    %parti/s 1, 4, 4;
    %pad/u 3;
    %add;
    %store/vec4 v000002c864728d70_0, 0, 3;
    %jmp T_0;
    .thread T_0, $push;
    .scope S_000002c864714320;
T_1 ;
    %wait E_000002c8647106f0;
    %load/vec4 v000002c8647144b0_0;
    %inv;
    %flag_set/vec4 8;
    %jmp/0xz  T_1.0, 8;
    %pushi/vec4 0, 0, 3;
    %assign/vec4 v000002c8645fbef0_0, 0;
    %jmp T_1.1;
T_1.0 ;
    %load/vec4 v000002c8645f74c0_0;
    %assign/vec4 v000002c8645fbef0_0, 0;
T_1.1 ;
    %jmp T_1;
    .thread T_1;
    .scope S_000002c864714320;
T_2 ;
    %wait E_000002c864710f70;
    %load/vec4 v000002c8645fbef0_0;
    %dup/vec4;
    %pushi/vec4 0, 0, 3;
    %cmp/u;
    %jmp/1 T_2.0, 6;
    %dup/vec4;
    %pushi/vec4 1, 0, 3;
    %cmp/u;
    %jmp/1 T_2.1, 6;
    %dup/vec4;
    %pushi/vec4 2, 0, 3;
    %cmp/u;
    %jmp/1 T_2.2, 6;
    %dup/vec4;
    %pushi/vec4 3, 0, 3;
    %cmp/u;
    %jmp/1 T_2.3, 6;
    %dup/vec4;
    %pushi/vec4 4, 0, 3;
    %cmp/u;
    %jmp/1 T_2.4, 6;
    %pushi/vec4 0, 0, 3;
    %store/vec4 v000002c8645f74c0_0, 0, 3;
    %jmp T_2.6;
T_2.0 ;
    %load/vec4 v000002c864728d70_0;
    %pad/u 32;
    %pushi/vec4 5, 0, 32;
    %mod;
    %cmpi/e 0, 0, 32;
    %flag_mov 8, 4;
    %jmp/0 T_2.7, 8;
    %pushi/vec4 0, 0, 3;
    %jmp/1 T_2.8, 8;
T_2.7 ; End of true expr.
    %load/vec4 v000002c864728d70_0;
    %pad/u 32;
    %pushi/vec4 5, 0, 32;
    %mod;
    %cmpi/e 1, 0, 32;
    %flag_mov 9, 4;
    %jmp/0 T_2.9, 9;
    %pushi/vec4 1, 0, 3;
    %jmp/1 T_2.10, 9;
T_2.9 ; End of true expr.
    %load/vec4 v000002c864728d70_0;
    %pad/u 32;
    %pushi/vec4 5, 0, 32;
    %mod;
    %cmpi/e 2, 0, 32;
    %flag_mov 10, 4;
    %jmp/0 T_2.11, 10;
    %pushi/vec4 2, 0, 3;
    %jmp/1 T_2.12, 10;
T_2.11 ; End of true expr.
    %load/vec4 v000002c864728d70_0;
    %pad/u 32;
    %pushi/vec4 5, 0, 32;
    %mod;
    %cmpi/e 3, 0, 32;
    %flag_mov 11, 4;
    %jmp/0 T_2.13, 11;
    %pushi/vec4 3, 0, 3;
    %jmp/1 T_2.14, 11;
T_2.13 ; End of true expr.
    %pushi/vec4 4, 0, 3;
    %jmp/0 T_2.14, 11;
 ; End of false expr.
    %blend;
T_2.14;
    %jmp/0 T_2.12, 10;
 ; End of false expr.
    %blend;
T_2.12;
    %jmp/0 T_2.10, 9;
 ; End of false expr.
    %blend;
T_2.10;
    %jmp/0 T_2.8, 8;
 ; End of false expr.
    %blend;
T_2.8;
    %store/vec4 v000002c8645f74c0_0, 0, 3;
    %jmp T_2.6;
T_2.1 ;
    %load/vec4 v000002c864728d70_0;
    %pad/u 32;
    %addi 1, 0, 32;
    %pushi/vec4 5, 0, 32;
    %mod;
    %cmpi/e 0, 0, 32;
    %flag_mov 8, 4;
    %jmp/0 T_2.15, 8;
    %pushi/vec4 0, 0, 3;
    %jmp/1 T_2.16, 8;
T_2.15 ; End of true expr.
    %load/vec4 v000002c864728d70_0;
    %pad/u 32;
    %addi 1, 0, 32;
    %pushi/vec4 5, 0, 32;
    %mod;
    %cmpi/e 1, 0, 32;
    %flag_mov 9, 4;
    %jmp/0 T_2.17, 9;
    %pushi/vec4 1, 0, 3;
    %jmp/1 T_2.18, 9;
T_2.17 ; End of true expr.
    %load/vec4 v000002c864728d70_0;
    %pad/u 32;
    %addi 1, 0, 32;
    %pushi/vec4 5, 0, 32;
    %mod;
    %cmpi/e 2, 0, 32;
    %flag_mov 10, 4;
    %jmp/0 T_2.19, 10;
    %pushi/vec4 2, 0, 3;
    %jmp/1 T_2.20, 10;
T_2.19 ; End of true expr.
    %load/vec4 v000002c864728d70_0;
    %pad/u 32;
    %addi 1, 0, 32;
    %pushi/vec4 5, 0, 32;
    %mod;
    %cmpi/e 3, 0, 32;
    %flag_mov 11, 4;
    %jmp/0 T_2.21, 11;
    %pushi/vec4 3, 0, 3;
    %jmp/1 T_2.22, 11;
T_2.21 ; End of true expr.
    %pushi/vec4 4, 0, 3;
    %jmp/0 T_2.22, 11;
 ; End of false expr.
    %blend;
T_2.22;
    %jmp/0 T_2.20, 10;
 ; End of false expr.
    %blend;
T_2.20;
    %jmp/0 T_2.18, 9;
 ; End of false expr.
    %blend;
T_2.18;
    %jmp/0 T_2.16, 8;
 ; End of false expr.
    %blend;
T_2.16;
    %store/vec4 v000002c8645f74c0_0, 0, 3;
    %jmp T_2.6;
T_2.2 ;
    %load/vec4 v000002c864728d70_0;
    %pad/u 32;
    %addi 2, 0, 32;
    %pushi/vec4 5, 0, 32;
    %mod;
    %cmpi/e 0, 0, 32;
    %flag_mov 8, 4;
    %jmp/0 T_2.23, 8;
    %pushi/vec4 0, 0, 3;
    %jmp/1 T_2.24, 8;
T_2.23 ; End of true expr.
    %load/vec4 v000002c864728d70_0;
    %pad/u 32;
    %addi 2, 0, 32;
    %pushi/vec4 5, 0, 32;
    %mod;
    %cmpi/e 1, 0, 32;
    %flag_mov 9, 4;
    %jmp/0 T_2.25, 9;
    %pushi/vec4 1, 0, 3;
    %jmp/1 T_2.26, 9;
T_2.25 ; End of true expr.
    %load/vec4 v000002c864728d70_0;
    %pad/u 32;
    %addi 2, 0, 32;
    %pushi/vec4 5, 0, 32;
    %mod;
    %cmpi/e 2, 0, 32;
    %flag_mov 10, 4;
    %jmp/0 T_2.27, 10;
    %pushi/vec4 2, 0, 3;
    %jmp/1 T_2.28, 10;
T_2.27 ; End of true expr.
    %load/vec4 v000002c864728d70_0;
    %pad/u 32;
    %addi 2, 0, 32;
    %pushi/vec4 5, 0, 32;
    %mod;
    %cmpi/e 3, 0, 32;
    %flag_mov 11, 4;
    %jmp/0 T_2.29, 11;
    %pushi/vec4 3, 0, 3;
    %jmp/1 T_2.30, 11;
T_2.29 ; End of true expr.
    %pushi/vec4 4, 0, 3;
    %jmp/0 T_2.30, 11;
 ; End of false expr.
    %blend;
T_2.30;
    %jmp/0 T_2.28, 10;
 ; End of false expr.
    %blend;
T_2.28;
    %jmp/0 T_2.26, 9;
 ; End of false expr.
    %blend;
T_2.26;
    %jmp/0 T_2.24, 8;
 ; End of false expr.
    %blend;
T_2.24;
    %store/vec4 v000002c8645f74c0_0, 0, 3;
    %jmp T_2.6;
T_2.3 ;
    %load/vec4 v000002c864728d70_0;
    %pad/u 32;
    %addi 3, 0, 32;
    %pushi/vec4 5, 0, 32;
    %mod;
    %cmpi/e 0, 0, 32;
    %flag_mov 8, 4;
    %jmp/0 T_2.31, 8;
    %pushi/vec4 0, 0, 3;
    %jmp/1 T_2.32, 8;
T_2.31 ; End of true expr.
    %load/vec4 v000002c864728d70_0;
    %pad/u 32;
    %addi 3, 0, 32;
    %pushi/vec4 5, 0, 32;
    %mod;
    %cmpi/e 1, 0, 32;
    %flag_mov 9, 4;
    %jmp/0 T_2.33, 9;
    %pushi/vec4 1, 0, 3;
    %jmp/1 T_2.34, 9;
T_2.33 ; End of true expr.
    %load/vec4 v000002c864728d70_0;
    %pad/u 32;
    %addi 3, 0, 32;
    %pushi/vec4 5, 0, 32;
    %mod;
    %cmpi/e 2, 0, 32;
    %flag_mov 10, 4;
    %jmp/0 T_2.35, 10;
    %pushi/vec4 2, 0, 3;
    %jmp/1 T_2.36, 10;
T_2.35 ; End of true expr.
    %load/vec4 v000002c864728d70_0;
    %pad/u 32;
    %addi 3, 0, 32;
    %pushi/vec4 5, 0, 32;
    %mod;
    %cmpi/e 3, 0, 32;
    %flag_mov 11, 4;
    %jmp/0 T_2.37, 11;
    %pushi/vec4 3, 0, 3;
    %jmp/1 T_2.38, 11;
T_2.37 ; End of true expr.
    %pushi/vec4 4, 0, 3;
    %jmp/0 T_2.38, 11;
 ; End of false expr.
    %blend;
T_2.38;
    %jmp/0 T_2.36, 10;
 ; End of false expr.
    %blend;
T_2.36;
    %jmp/0 T_2.34, 9;
 ; End of false expr.
    %blend;
T_2.34;
    %jmp/0 T_2.32, 8;
 ; End of false expr.
    %blend;
T_2.32;
    %store/vec4 v000002c8645f74c0_0, 0, 3;
    %jmp T_2.6;
T_2.4 ;
    %load/vec4 v000002c864728d70_0;
    %pad/u 32;
    %addi 4, 0, 32;
    %pushi/vec4 5, 0, 32;
    %mod;
    %cmpi/e 0, 0, 32;
    %flag_mov 8, 4;
    %jmp/0 T_2.39, 8;
    %pushi/vec4 0, 0, 3;
    %jmp/1 T_2.40, 8;
T_2.39 ; End of true expr.
    %load/vec4 v000002c864728d70_0;
    %pad/u 32;
    %addi 4, 0, 32;
    %pushi/vec4 5, 0, 32;
    %mod;
    %cmpi/e 1, 0, 32;
    %flag_mov 9, 4;
    %jmp/0 T_2.41, 9;
    %pushi/vec4 1, 0, 3;
    %jmp/1 T_2.42, 9;
T_2.41 ; End of true expr.
    %load/vec4 v000002c864728d70_0;
    %pad/u 32;
    %addi 4, 0, 32;
    %pushi/vec4 5, 0, 32;
    %mod;
    %cmpi/e 2, 0, 32;
    %flag_mov 10, 4;
    %jmp/0 T_2.43, 10;
    %pushi/vec4 2, 0, 3;
    %jmp/1 T_2.44, 10;
T_2.43 ; End of true expr.
    %load/vec4 v000002c864728d70_0;
    %pad/u 32;
    %addi 4, 0, 32;
    %pushi/vec4 5, 0, 32;
    %mod;
    %cmpi/e 3, 0, 32;
    %flag_mov 11, 4;
    %jmp/0 T_2.45, 11;
    %pushi/vec4 3, 0, 3;
    %jmp/1 T_2.46, 11;
T_2.45 ; End of true expr.
    %pushi/vec4 4, 0, 3;
    %jmp/0 T_2.46, 11;
 ; End of false expr.
    %blend;
T_2.46;
    %jmp/0 T_2.44, 10;
 ; End of false expr.
    %blend;
T_2.44;
    %jmp/0 T_2.42, 9;
 ; End of false expr.
    %blend;
T_2.42;
    %jmp/0 T_2.40, 8;
 ; End of false expr.
    %blend;
T_2.40;
    %store/vec4 v000002c8645f74c0_0, 0, 3;
    %jmp T_2.6;
T_2.6 ;
    %pop/vec4 1;
    %load/vec4 v000002c8645fbef0_0;
    %pushi/vec4 0, 0, 3;
    %cmp/e;
    %flag_get/vec4 4;
    %store/vec4 v000002c86471da10_0, 0, 1;
    %jmp T_2;
    .thread T_2, $push;
    .scope S_000002c86471dab0;
T_3 ;
    %wait E_000002c86470ffb0;
    %load/vec4 v000002c864784b70_0;
    %parti/s 1, 0, 2;
    %pad/u 3;
    %load/vec4 v000002c864784b70_0;
    %parti/s 1, 1, 2;
    %pad/u 3;
    %add;
    %load/vec4 v000002c864784b70_0;
    %parti/s 1, 2, 3;
    %pad/u 3;
    %add;
    %load/vec4 v000002c864784b70_0;
    %parti/s 1, 3, 3;
    %pad/u 3;
    %add;
    %load/vec4 v000002c864784b70_0;
    %parti/s 1, 4, 4;
    %pad/u 3;
    %add;
    %store/vec4 v000002c864784a30_0, 0, 3;
    %jmp T_3;
    .thread T_3, $push;
    .scope S_000002c86471dab0;
T_4 ;
    %wait E_000002c8647106f0;
    %load/vec4 v000002c864784170_0;
    %inv;
    %flag_set/vec4 8;
    %jmp/0xz  T_4.0, 8;
    %pushi/vec4 0, 0, 3;
    %assign/vec4 v000002c864784030_0, 0;
    %jmp T_4.1;
T_4.0 ;
    %load/vec4 v000002c86471dce0_0;
    %assign/vec4 v000002c864784030_0, 0;
T_4.1 ;
    %jmp T_4;
    .thread T_4;
    .scope S_000002c86471dab0;
T_5 ;
    %wait E_000002c8647112f0;
    %load/vec4 v000002c864784030_0;
    %dup/vec4;
    %pushi/vec4 0, 0, 3;
    %cmp/u;
    %jmp/1 T_5.0, 6;
    %dup/vec4;
    %pushi/vec4 1, 0, 3;
    %cmp/u;
    %jmp/1 T_5.1, 6;
    %dup/vec4;
    %pushi/vec4 2, 0, 3;
    %cmp/u;
    %jmp/1 T_5.2, 6;
    %dup/vec4;
    %pushi/vec4 3, 0, 3;
    %cmp/u;
    %jmp/1 T_5.3, 6;
    %dup/vec4;
    %pushi/vec4 4, 0, 3;
    %cmp/u;
    %jmp/1 T_5.4, 6;
    %pushi/vec4 0, 0, 3;
    %store/vec4 v000002c86471dce0_0, 0, 3;
    %jmp T_5.6;
T_5.0 ;
    %load/vec4 v000002c864784a30_0;
    %pad/u 32;
    %pushi/vec4 5, 0, 32;
    %mod;
    %cmpi/e 0, 0, 32;
    %flag_mov 8, 4;
    %jmp/0 T_5.7, 8;
    %pushi/vec4 0, 0, 3;
    %jmp/1 T_5.8, 8;
T_5.7 ; End of true expr.
    %load/vec4 v000002c864784a30_0;
    %pad/u 32;
    %pushi/vec4 5, 0, 32;
    %mod;
    %cmpi/e 1, 0, 32;
    %flag_mov 9, 4;
    %jmp/0 T_5.9, 9;
    %pushi/vec4 1, 0, 3;
    %jmp/1 T_5.10, 9;
T_5.9 ; End of true expr.
    %load/vec4 v000002c864784a30_0;
    %pad/u 32;
    %pushi/vec4 5, 0, 32;
    %mod;
    %cmpi/e 2, 0, 32;
    %flag_mov 10, 4;
    %jmp/0 T_5.11, 10;
    %pushi/vec4 2, 0, 3;
    %jmp/1 T_5.12, 10;
T_5.11 ; End of true expr.
    %load/vec4 v000002c864784a30_0;
    %pad/u 32;
    %pushi/vec4 5, 0, 32;
    %mod;
    %cmpi/e 3, 0, 32;
    %flag_mov 11, 4;
    %jmp/0 T_5.13, 11;
    %pushi/vec4 3, 0, 3;
    %jmp/1 T_5.14, 11;
T_5.13 ; End of true expr.
    %pushi/vec4 4, 0, 3;
    %jmp/0 T_5.14, 11;
 ; End of false expr.
    %blend;
T_5.14;
    %jmp/0 T_5.12, 10;
 ; End of false expr.
    %blend;
T_5.12;
    %jmp/0 T_5.10, 9;
 ; End of false expr.
    %blend;
T_5.10;
    %jmp/0 T_5.8, 8;
 ; End of false expr.
    %blend;
T_5.8;
    %store/vec4 v000002c86471dce0_0, 0, 3;
    %jmp T_5.6;
T_5.1 ;
    %load/vec4 v000002c864784a30_0;
    %pad/u 32;
    %addi 1, 0, 32;
    %pushi/vec4 5, 0, 32;
    %mod;
    %cmpi/e 0, 0, 32;
    %flag_mov 8, 4;
    %jmp/0 T_5.15, 8;
    %pushi/vec4 0, 0, 3;
    %jmp/1 T_5.16, 8;
T_5.15 ; End of true expr.
    %load/vec4 v000002c864784a30_0;
    %pad/u 32;
    %addi 1, 0, 32;
    %pushi/vec4 5, 0, 32;
    %mod;
    %cmpi/e 1, 0, 32;
    %flag_mov 9, 4;
    %jmp/0 T_5.17, 9;
    %pushi/vec4 1, 0, 3;
    %jmp/1 T_5.18, 9;
T_5.17 ; End of true expr.
    %load/vec4 v000002c864784a30_0;
    %pad/u 32;
    %addi 1, 0, 32;
    %pushi/vec4 5, 0, 32;
    %mod;
    %cmpi/e 2, 0, 32;
    %flag_mov 10, 4;
    %jmp/0 T_5.19, 10;
    %pushi/vec4 2, 0, 3;
    %jmp/1 T_5.20, 10;
T_5.19 ; End of true expr.
    %load/vec4 v000002c864784a30_0;
    %pad/u 32;
    %addi 1, 0, 32;
    %pushi/vec4 5, 0, 32;
    %mod;
    %cmpi/e 3, 0, 32;
    %flag_mov 11, 4;
    %jmp/0 T_5.21, 11;
    %pushi/vec4 3, 0, 3;
    %jmp/1 T_5.22, 11;
T_5.21 ; End of true expr.
    %pushi/vec4 4, 0, 3;
    %jmp/0 T_5.22, 11;
 ; End of false expr.
    %blend;
T_5.22;
    %jmp/0 T_5.20, 10;
 ; End of false expr.
    %blend;
T_5.20;
    %jmp/0 T_5.18, 9;
 ; End of false expr.
    %blend;
T_5.18;
    %jmp/0 T_5.16, 8;
 ; End of false expr.
    %blend;
T_5.16;
    %store/vec4 v000002c86471dce0_0, 0, 3;
    %jmp T_5.6;
T_5.2 ;
    %load/vec4 v000002c864784a30_0;
    %pad/u 32;
    %addi 2, 0, 32;
    %pushi/vec4 5, 0, 32;
    %mod;
    %cmpi/e 0, 0, 32;
    %flag_mov 8, 4;
    %jmp/0 T_5.23, 8;
    %pushi/vec4 0, 0, 3;
    %jmp/1 T_5.24, 8;
T_5.23 ; End of true expr.
    %load/vec4 v000002c864784a30_0;
    %pad/u 32;
    %addi 2, 0, 32;
    %pushi/vec4 5, 0, 32;
    %mod;
    %cmpi/e 1, 0, 32;
    %flag_mov 9, 4;
    %jmp/0 T_5.25, 9;
    %pushi/vec4 1, 0, 3;
    %jmp/1 T_5.26, 9;
T_5.25 ; End of true expr.
    %load/vec4 v000002c864784a30_0;
    %pad/u 32;
    %addi 2, 0, 32;
    %pushi/vec4 5, 0, 32;
    %mod;
    %cmpi/e 2, 0, 32;
    %flag_mov 10, 4;
    %jmp/0 T_5.27, 10;
    %pushi/vec4 2, 0, 3;
    %jmp/1 T_5.28, 10;
T_5.27 ; End of true expr.
    %load/vec4 v000002c864784a30_0;
    %pad/u 32;
    %addi 2, 0, 32;
    %pushi/vec4 5, 0, 32;
    %mod;
    %cmpi/e 3, 0, 32;
    %flag_mov 11, 4;
    %jmp/0 T_5.29, 11;
    %pushi/vec4 3, 0, 3;
    %jmp/1 T_5.30, 11;
T_5.29 ; End of true expr.
    %pushi/vec4 4, 0, 3;
    %jmp/0 T_5.30, 11;
 ; End of false expr.
    %blend;
T_5.30;
    %jmp/0 T_5.28, 10;
 ; End of false expr.
    %blend;
T_5.28;
    %jmp/0 T_5.26, 9;
 ; End of false expr.
    %blend;
T_5.26;
    %jmp/0 T_5.24, 8;
 ; End of false expr.
    %blend;
T_5.24;
    %store/vec4 v000002c86471dce0_0, 0, 3;
    %jmp T_5.6;
T_5.3 ;
    %load/vec4 v000002c864784a30_0;
    %pad/u 32;
    %addi 3, 0, 32;
    %pushi/vec4 5, 0, 32;
    %mod;
    %cmpi/e 0, 0, 32;
    %flag_mov 8, 4;
    %jmp/0 T_5.31, 8;
    %pushi/vec4 0, 0, 3;
    %jmp/1 T_5.32, 8;
T_5.31 ; End of true expr.
    %load/vec4 v000002c864784a30_0;
    %pad/u 32;
    %addi 3, 0, 32;
    %pushi/vec4 5, 0, 32;
    %mod;
    %cmpi/e 1, 0, 32;
    %flag_mov 9, 4;
    %jmp/0 T_5.33, 9;
    %pushi/vec4 1, 0, 3;
    %jmp/1 T_5.34, 9;
T_5.33 ; End of true expr.
    %load/vec4 v000002c864784a30_0;
    %pad/u 32;
    %addi 3, 0, 32;
    %pushi/vec4 5, 0, 32;
    %mod;
    %cmpi/e 2, 0, 32;
    %flag_mov 10, 4;
    %jmp/0 T_5.35, 10;
    %pushi/vec4 2, 0, 3;
    %jmp/1 T_5.36, 10;
T_5.35 ; End of true expr.
    %load/vec4 v000002c864784a30_0;
    %pad/u 32;
    %addi 3, 0, 32;
    %pushi/vec4 5, 0, 32;
    %mod;
    %cmpi/e 3, 0, 32;
    %flag_mov 11, 4;
    %jmp/0 T_5.37, 11;
    %pushi/vec4 3, 0, 3;
    %jmp/1 T_5.38, 11;
T_5.37 ; End of true expr.
    %pushi/vec4 4, 0, 3;
    %jmp/0 T_5.38, 11;
 ; End of false expr.
    %blend;
T_5.38;
    %jmp/0 T_5.36, 10;
 ; End of false expr.
    %blend;
T_5.36;
    %jmp/0 T_5.34, 9;
 ; End of false expr.
    %blend;
T_5.34;
    %jmp/0 T_5.32, 8;
 ; End of false expr.
    %blend;
T_5.32;
    %store/vec4 v000002c86471dce0_0, 0, 3;
    %jmp T_5.6;
T_5.4 ;
    %load/vec4 v000002c864784a30_0;
    %pad/u 32;
    %addi 4, 0, 32;
    %pushi/vec4 5, 0, 32;
    %mod;
    %cmpi/e 0, 0, 32;
    %flag_mov 8, 4;
    %jmp/0 T_5.39, 8;
    %pushi/vec4 0, 0, 3;
    %jmp/1 T_5.40, 8;
T_5.39 ; End of true expr.
    %load/vec4 v000002c864784a30_0;
    %pad/u 32;
    %addi 4, 0, 32;
    %pushi/vec4 5, 0, 32;
    %mod;
    %cmpi/e 1, 0, 32;
    %flag_mov 9, 4;
    %jmp/0 T_5.41, 9;
    %pushi/vec4 1, 0, 3;
    %jmp/1 T_5.42, 9;
T_5.41 ; End of true expr.
    %load/vec4 v000002c864784a30_0;
    %pad/u 32;
    %addi 4, 0, 32;
    %pushi/vec4 5, 0, 32;
    %mod;
    %cmpi/e 2, 0, 32;
    %flag_mov 10, 4;
    %jmp/0 T_5.43, 10;
    %pushi/vec4 2, 0, 3;
    %jmp/1 T_5.44, 10;
T_5.43 ; End of true expr.
    %load/vec4 v000002c864784a30_0;
    %pad/u 32;
    %addi 4, 0, 32;
    %pushi/vec4 5, 0, 32;
    %mod;
    %cmpi/e 3, 0, 32;
    %flag_mov 11, 4;
    %jmp/0 T_5.45, 11;
    %pushi/vec4 3, 0, 3;
    %jmp/1 T_5.46, 11;
T_5.45 ; End of true expr.
    %pushi/vec4 4, 0, 3;
    %jmp/0 T_5.46, 11;
 ; End of false expr.
    %blend;
T_5.46;
    %jmp/0 T_5.44, 10;
 ; End of false expr.
    %blend;
T_5.44;
    %jmp/0 T_5.42, 9;
 ; End of false expr.
    %blend;
T_5.42;
    %jmp/0 T_5.40, 8;
 ; End of false expr.
    %blend;
T_5.40;
    %store/vec4 v000002c86471dce0_0, 0, 3;
    %jmp T_5.6;
T_5.6 ;
    %pop/vec4 1;
    %jmp T_5;
    .thread T_5, $push;
    .scope S_000002c86471dab0;
T_6 ;
    %wait E_000002c8647117b0;
    %load/vec4 v000002c864784030_0;
    %pushi/vec4 0, 0, 3;
    %cmp/e;
    %flag_get/vec4 4;
    %store/vec4 v000002c864784ad0_0, 0, 1;
    %jmp T_6;
    .thread T_6, $push;
    .scope S_000002c864713f80;
T_7 ;
    %pushi/vec4 0, 0, 1;
    %store/vec4 v000002c864784990_0, 0, 1;
T_7.0 ;
    %delay 5000, 0;
    %load/vec4 v000002c864784990_0;
    %inv;
    %store/vec4 v000002c864784990_0, 0, 1;
    %jmp T_7.0;
    %end;
    .thread T_7;
    .scope S_000002c864713f80;
T_8 ;
    %pushi/vec4 0, 0, 1;
    %store/vec4 v000002c864784530_0, 0, 1;
    %pushi/vec4 0, 0, 5;
    %store/vec4 v000002c864784cb0_0, 0, 5;
    %delay 20000, 0;
    %pushi/vec4 1, 0, 1;
    %store/vec4 v000002c864784530_0, 0, 1;
    %delay 10000, 0;
    %pushi/vec4 31, 0, 5;
    %store/vec4 v000002c864784cb0_0, 0, 5;
    %delay 10000, 0;
    %pushi/vec4 21, 0, 5;
    %store/vec4 v000002c864784cb0_0, 0, 5;
    %delay 10000, 0;
    %pushi/vec4 17, 0, 5;
    %store/vec4 v000002c864784cb0_0, 0, 5;
    %delay 10000, 0;
    %pushi/vec4 0, 0, 5;
    %store/vec4 v000002c864784cb0_0, 0, 5;
    %delay 10000, 0;
    %pushi/vec4 30, 0, 5;
    %store/vec4 v000002c864784cb0_0, 0, 5;
    %delay 10000, 0;
    %pushi/vec4 1, 0, 5;
    %store/vec4 v000002c864784cb0_0, 0, 5;
    %delay 10000, 0;
    %delay 20000, 0;
    %vpi_call 2 64 "$finish" {0 0 0};
    %end;
    .thread T_8;
    .scope S_000002c864713f80;
T_9 ;
    %vpi_call 2 68 "$dumpfile", "tb_lab8_p2.vcd" {0 0 0};
    %vpi_call 2 69 "$dumpvars", 32'sb00000000000000000000000000000000, S_000002c864713f80 {0 0 0};
    %end;
    .thread T_9;
# The file index is used to find the file name in the following table.
:file_names 5;
    "N/A";
    "<interactive>";
    ".\tb_lab8_p2.v";
    "./../Design/lab8_p2.v";
    "./../Design/lab8_p2_3.v";
